INFO         | Android emulator version 36.6.11.0 (build_id 15507667) (CL:N/A)
INFO         | Graphics backend: gfxstream
INFO         | Found systemPath C:\Users\Mate\AppData\Local\Android\Sdk\system-images\android-37.1\google_apis_playstore_ps16k\x86_64\
INFO         | Guest usage of host flag 'VulkanVirtualQueue' will be ignored.
INFO         | Increasing RAM size to 4096MB
INFO         | IPv4 server found: 10.11.11.10
INFO         | Ignore IPv6 address: 50be:1d9d:9102:0:50be:1d9d:9102:0
INFO         | Ignore IPv6 address: 50be:1d9d:9102:0:50be:1d9d:9102:0
INFO         | Ignore IPv6 address: 50be:1d9d:9102:0:50be:1d9d:9102:0
INFO         | Ignore IPv6 address: 48c4:1d9d:9102:0:50be:1d9d:9102:0
INFO         | Ignore IPv6 address: 48c4:1d9d:9102:0:50be:1d9d:9102:0
INFO         | Ignore IPv6 address: 48c4:1d9d:9102:0:50be:1d9d:9102:0
INFO         | Ignore IPv6 address: 60cf:1d9d:9102:0:50be:1d9d:9102:0
INFO         | Ignore IPv6 address: 60cf:1d9d:9102:0:50be:1d9d:9102:0
INFO         | Ignore IPv6 address: 60cf:1d9d:9102:0:50be:1d9d:9102:0
INFO         | Ignore IPv6 address: 80d5:1d9d:9102:0:50be:1d9d:9102:0
INFO         | Ignore IPv6 address: 80d5:1d9d:9102:0:50be:1d9d:9102:0
INFO         | Ignore IPv6 address: 80d5:1d9d:9102:0:50be:1d9d:9102:0
INFO         | Ignore IPv6 address: 80e5:1d9d:9102:0:50be:1d9d:9102:0
INFO         | Ignore IPv6 address: 80e5:1d9d:9102:0:50be:1d9d:9102:0
INFO         | Ignore IPv6 address: 80e5:1d9d:9102:0:50be:1d9d:9102:0
INFO         | Ignore IPv6 address: b0ed:1d9d:9102:0:50be:1d9d:9102:0
INFO         | Ignore IPv6 address: b0ed:1d9d:9102:0:50be:1d9d:9102:0
INFO         | Ignore IPv6 address: b0ed:1d9d:9102:0:50be:1d9d:9102:0
INFO         | Ignore IPv6 address: e0f5:1d9d:9102:0:50be:1d9d:9102:0
INFO         | Ignore IPv6 address: e0f5:1d9d:9102:0:50be:1d9d:9102:0
INFO         | Ignore IPv6 address: e0f5:1d9d:9102:0:50be:1d9d:9102:0
INFO         | Ignore IPv6 address: fc:1d9d:9102:0:50be:1d9d:9102:0
INFO         | Ignore IPv6 address: fc:1d9d:9102:0:50be:1d9d:9102:0
INFO         | Ignore IPv6 address: fc:1d9d:9102:0:50be:1d9d:9102:0
INFO         | Ignore IPv6 address: e801:1e9d:9102:0:50be:1d9d:9102:0
INFO         | Ignore IPv6 address: e801:1e9d:9102:0:50be:1d9d:9102:0
INFO         | Ignore IPv6 address: e801:1e9d:9102:0:50be:1d9d:9102:0
INFO         | Guest GLES Driver: Auto (ext controls)
INFO         | emuglConfig_init: vulkan_mode_selected:lavapipe gles_mode_selected:swiftshader
INFO         | Checking system compatibility:
INFO         |   Checking: hasCompatibleHypervisor
INFO         |      Ok: Hypervisor compatibility to run avd: `StillGuided` are met
INFO         |   Checking: hasSufficientSystem
INFO         |      Ok: System requirements to run avd: `StillGuided` are met
INFO         |   Checking: hasSufficientHwGpu
INFO         |      Ok: Hardware GPU compatibility checks are not required
INFO         |   Checking: hasSufficientDiskSpace
INFO         |      Ok: Disk space requirements to run avd: `StillGuided` are met
INFO         | Storing crashdata in: C:\Users\Mate\AppData\Local\Temp\\AndroidEmulator\emu-crash-36.6.11.db, detection is enabled for process: 33544
INFO         | Initializing gfxstream backend
INFO         | startOpenglesRendererImpl: gpu info
INFO         | GPU #1
  Make: 10de
  Model: NVIDIA GeForce RTX 3060 Ti
  Device ID: 2489

INFO         | Vulkan 1.4 is not supported for the guest and won't be enabled
INFO         | Disabling implicit Vulkan layers to avoid compatibility issues. Set VK_LOADER_LAYERS_DISABLE manually to disable this behavior.
INFO         | initIcdPaths: ICD set to 'lavapipe', using Lavapipe ICD
INFO         | Setting ICD filenames for the loader = C:\Users\Mate\AppData\Local\Android\Sdk\emulator\lib64\vulkan\lvp_icd.json
INFO         | SharedLibrary::open for [C:\Users\Mate\AppData\Local\Android\Sdk\emulator\qemu\windows-x86_64\lib64\vulkan\vulkan-1.dll]
INFO         | SharedLibrary::open for [C:\Users\Mate\AppData\Local\Android\Sdk\emulator\lib64\vulkan\vulkan-1.dll]
INFO         | Added library: C:\Users\Mate\AppData\Local\Android\Sdk\emulator\lib64\vulkan\vulkan-1.dll
INFO         | Selecting Vulkan device: llvmpipe (LLVM 21.1.2, 256 bits), Version: 1.4.318
INFO         | Using Vulkan externalMemoryMode: HostAllocation for VkEmulation
INFO         | Initializing VkEmulation features:
INFO         |     glInteropSupported: false
INFO         |     useDeferredCommands: true
INFO         |     createResourceWithRequirements: true
INFO         |     useVulkanComposition: false
INFO         |     useVulkanNativeSwapchain: false
INFO         |     enable guestRenderDoc: false
INFO         |     ASTC LDR emulation mode: Gpu
INFO         |     enable ETC2 emulation: true
INFO         |     enable Ycbcr emulation: false
INFO         |     guestVulkanOnly: false
INFO         |     useDedicatedAllocations: false
INFO         |     guestVulkanMaxApiVersion: 1.3.0
INFO         |     enableProtectedMemoryEmulation: false
INFO         | Graphics Adapter Vendor Google (Google Inc.)
INFO         | Graphics Adapter Android Emulator OpenGL ES Translator (Google SwiftShader)
INFO         | Graphics API Version OpenGL ES 3.0 (OpenGL ES 3.0 SwiftShader 4.0.0.1)
INFO         | Graphics API Extensions GL_OES_EGL_sync GL_OES_EGL_image GL_OES_EGL_image_external GL_OES_depth24 GL_OES_depth32 GL_OES_element_index_uint GL_OES_texture_float GL_OES_texture_float_linear GL_OES_compressed_paletted_texture GL_OES_compressed_ETC1_RGB8_texture GL_OES_depth_texture GL_OES_texture_half_float GL_OES_texture_half_float_linear GL_OES_packed_depth_stencil GL_OES_vertex_half_float GL_OES_standard_derivatives GL_OES_texture_npot GL_OES_rgb8_rgba8 GL_EXT_color_buffer_float GL_EXT_color_buffer_half_float GL_EXT_texture_format_BGRA8888 GL_APPLE_texture_format_BGRA8888 
INFO         | Graphics Device Extensions N/A
INFO         | Disabling sparse binding feature support
INFO         | Sending adb public key [QAAAAPWy3DmjFhWXAwwrOD8OOml602NQbUOe61QZNNeoQUfw55BzkJE1ZoSiR9JQRBnF5hJYhEtfLvV7dPCQsh5BAlIX8+qJ+04+zJWxQeygJcghZYJ/B781RL/VfuY9j8xcGgiN49/aeBX8MtLkf1A2O6SNUGrxW8SpmcH5zNKT7PkAT0UTq1tlS+AyDPwSby2NVCuuI4gB2VJaOmj2Pg0hwapsuDPoXxSqk36Cebdwic1AwZ5r+muh4984L7NkkQyADIjzs41lN72zJV03I7btenrcPsEHtsGVgGNbbV62ewB2sJSw5yOud4/ERrQ2xgQ16BjlT4VheYcm/pfrgnwDlOEvWAjCsoOTEy4Jq7033AiYSeb7agVAD4YCqDSgikImG5Pvv9l7/wldBx1/37Y1rLc6CFGUO+8wiY/gktEqYG/T+hunqiX7p3d4rmsqY1IOr+gTuFT2p5fM3PkFe09lB1fp2q93bRAgaaONW96H7gzYb8eUUcEnNFwrIiOM18E/IvxIzrI8oWsF78AYlOQti+U5uid+JB79gAUPUZ4I05kb6xjwLqyQpSUBn2aTElzL/gsuBnWEGEapu+FtUdoiALrmqdGEV3LyAXM2Ls8ZOGZyXBGa2FUecoN3UCxxTWhI8tNNFf32KvbKSRi+qYEtN6W9LJMiaD4zqcCc1zu3F+wmIFkDvAEAAQA= @unknown]
INFO         | Userspace boot properties:
INFO         |   androidboot.boot_devices=pci0000:00/0000:00:03.0 pci0000:00/0000:00:06.0
INFO         |   androidboot.dalvik.vm.heapsize=576m
INFO         |   androidboot.debug.hwui.renderer=skiagl
INFO         |   androidboot.hardware=ranchu
INFO         |   androidboot.hardware.gltransport=pipe
INFO         |   androidboot.hardware.vulkan=ranchu
INFO         |   androidboot.logcat=*:V
INFO         |   androidboot.opengles.version=196608
INFO         |   androidboot.qemu=1
INFO         |   androidboot.qemu.adb.pubkey=QAAAAPWy3DmjFhWXAwwrOD8OOml602NQbUOe61QZNNeoQUfw55BzkJE1ZoSiR9JQRBnF5hJYhEtfLvV7dPCQsh5BAlIX8+qJ+04+zJWxQeygJcghZYJ/B781RL/VfuY9j8xcGgiN49/aeBX8MtLkf1A2O6SNUGrxW8SpmcH5zNKT7PkAT0UTq1tlS+AyDPwSby2NVCuuI4gB2VJaOmj2Pg0hwapsuDPoXxSqk36Cebdwic1AwZ5r+muh4984L7NkkQyADIjzs41lN72zJV03I7btenrcPsEHtsGVgGNbbV62ewB2sJSw5yOud4/ERrQ2xgQ16BjlT4VheYcm/pfrgnwDlOEvWAjCsoOTEy4Jq7033AiYSeb7agVAD4YCqDSgikImG5Pvv9l7/wldBx1/37Y1rLc6CFGUO+8wiY/gktEqYG/T+hunqiX7p3d4rmsqY1IOr+gTuFT2p5fM3PkFe09lB1fp2q93bRAgaaONW96H7gzYb8eUUcEnNFwrIiOM18E/IvxIzrI8oWsF78AYlOQti+U5uid+JB79gAUPUZ4I05kb6xjwLqyQpSUBn2aTElzL/gsuBnWEGEapu+FtUdoiALrmqdGEV3LyAXM2Ls8ZOGZyXBGa2FUecoN3UCxxTWhI8tNNFf32KvbKSRi+qYEtN6W9LJMiaD4zqcCc1zu3F+wmIFkDvAEAAQA= @unknown
INFO         |   androidboot.qemu.avd_name=StillGuided
INFO         |   androidboot.qemu.camera_hq_edge_processing=0
INFO         |   androidboot.qemu.camera_protocol_ver=1
INFO         |   androidboot.qemu.cpuvulkan.version=4210688
INFO         |   androidboot.qemu.gltransport.drawFlushInterval=800
INFO         |   androidboot.qemu.gltransport.name=pipe
INFO         |   androidboot.qemu.hwcodec.avcdec=2
INFO         |   androidboot.qemu.hwcodec.hevcdec=2
INFO         |   androidboot.qemu.hwcodec.vpxdec=2
INFO         |   androidboot.qemu.settings.system.screen_off_timeout=2147483647
INFO         |   androidboot.qemu.skin=pixel_10_pro
INFO         |   androidboot.qemu.virtiowifi=1
INFO         |   androidboot.qemu.vsync=60
INFO         |   androidboot.serialno=EMULATOR36X6X11X0
INFO         |   androidboot.vbmeta.digest=1205dcfa538dcd71590864040da399f1d6d6b01eb7af6cf1539b8ba92f40d283
INFO         |   androidboot.vbmeta.hash_alg=sha256
INFO         |   androidboot.vbmeta.size=6720
INFO         |   androidboot.veritymode=enforcing
INFO         | Activated packet streamer for uwb emulation
WHPX on Windows 10.0.26200 detected.
Windows Hypervisor Platform accelerator is operational
INFO         | Activated packet streamer for bluetooth emulation
INFO         | Monitoring duration of emulator setup.
INFO         | Successfully initialized netsim WiFi
INFO         | Setting display: 0 configuration to: 1280x2856, dpi: 480x480 
INFO         | setDisplayActiveConfig: id:0, 1280x2856
WARNING      | getEnvironmentConfig: No environment config is provided
INFO         | getEnvironmentConfig: Using default virtual scene mode for the environment.
INFO         | getEnvironmentConfig: Using default configuration for mode mesh3d for the environment.
INFO         | Initializing a scene with mode: mesh3d, argument: Toren1BD.obj
USER_INFO    | Emulator is performing a full startup. This may take upto two minutes, or more.
INFO         | Boot completed in 70082 ms
INFO         | Increasing screen off timeout, logcat buffer size to 2M.
WARNING      | adb command 'C:\Users\Mate\AppData\Local\Android\Sdk\platform-tools\adb.exe -s emulator-5556 shell settings put system screen_off_timeout 2147483647 ' failed: 'adb.exe: device offline'
WARNING      | adb command 'C:\scrcpy\adb.exe -s emulator-5556 shell settings put system screen_off_timeout 2147483647 ' failed: 'adb.exe: device offline'
WARNING      | adb command 'C:\Users\Mate\AppData\Local\Android\Sdk\platform-tools\adb.exe -s emulator-5556 shell settings put system screen_off_timeout 2147483647 ' failed: 'adb.exe: device 'emulator-5556' not found'
INFO         | IPv4 server found: 10.11.11.10
INFO         | Ignore IPv6 address: 50f8:c1dc:9202:0:50f8:c1dc:9202:0
INFO         | Ignore IPv6 address: 50f8:c1dc:9202:0:50f8:c1dc:9202:0
INFO         | Ignore IPv6 address: 50f8:c1dc:9202:0:50f8:c1dc:9202:0
INFO         | Ignore IPv6 address: 48fe:c1dc:9202:0:50f8:c1dc:9202:0
INFO         | Ignore IPv6 address: 48fe:c1dc:9202:0:50f8:c1dc:9202:0
INFO         | Ignore IPv6 address: 48fe:c1dc:9202:0:50f8:c1dc:9202:0
INFO         | Ignore IPv6 address: 6009:c2dc:9202:0:50f8:c1dc:9202:0
INFO         | Ignore IPv6 address: 6009:c2dc:9202:0:50f8:c1dc:9202:0
INFO         | Ignore IPv6 address: 6009:c2dc:9202:0:50f8:c1dc:9202:0
INFO         | Ignore IPv6 address: 800f:c2dc:9202:0:50f8:c1dc:9202:0
INFO         | Ignore IPv6 address: 800f:c2dc:9202:0:50f8:c1dc:9202:0
INFO         | Ignore IPv6 address: 800f:c2dc:9202:0:50f8:c1dc:9202:0
INFO         | Ignore IPv6 address: 801f:c2dc:9202:0:50f8:c1dc:9202:0
INFO         | Ignore IPv6 address: 801f:c2dc:9202:0:50f8:c1dc:9202:0
INFO         | Ignore IPv6 address: 801f:c2dc:9202:0:50f8:c1dc:9202:0
INFO         | Ignore IPv6 address: b027:c2dc:9202:0:50f8:c1dc:9202:0
INFO         | Ignore IPv6 address: b027:c2dc:9202:0:50f8:c1dc:9202:0
INFO         | Ignore IPv6 address: b027:c2dc:9202:0:50f8:c1dc:9202:0
INFO         | Ignore IPv6 address: e02f:c2dc:9202:0:50f8:c1dc:9202:0
INFO         | Ignore IPv6 address: e02f:c2dc:9202:0:50f8:c1dc:9202:0
INFO         | Ignore IPv6 address: e02f:c2dc:9202:0:50f8:c1dc:9202:0
INFO         | Ignore IPv6 address: 36:c2dc:9202:0:50f8:c1dc:9202:0
INFO         | Ignore IPv6 address: 36:c2dc:9202:0:50f8:c1dc:9202:0
INFO         | Ignore IPv6 address: 36:c2dc:9202:0:50f8:c1dc:9202:0
INFO         | Ignore IPv6 address: e83b:c2dc:9202:0:50f8:c1dc:9202:0
INFO         | Ignore IPv6 address: e83b:c2dc:9202:0:50f8:c1dc:9202:0
INFO         | Ignore IPv6 address: e83b:c2dc:9202:0:50f8:c1dc:9202:0
INFO         | IPv4 server found: 10.11.11.10
INFO         | Ignore IPv6 address: 50f8:c1dc:9202:0:50f8:c1dc:9202:0
INFO         | Ignore IPv6 address: 50f8:c1dc:9202:0:50f8:c1dc:9202:0
INFO         | Ignore IPv6 address: 50f8:c1dc:9202:0:50f8:c1dc:9202:0
INFO         | Ignore IPv6 address: 48fe:c1dc:9202:0:50f8:c1dc:9202:0
INFO         | Ignore IPv6 address: 48fe:c1dc:9202:0:50f8:c1dc:9202:0
INFO         | Ignore IPv6 address: 48fe:c1dc:9202:0:50f8:c1dc:9202:0
INFO         | Ignore IPv6 address: 6009:c2dc:9202:0:50f8:c1dc:9202:0
INFO         | Ignore IPv6 address: 6009:c2dc:9202:0:50f8:c1dc:9202:0
INFO         | Ignore IPv6 address: 6009:c2dc:9202:0:50f8:c1dc:9202:0
INFO         | Ignore IPv6 address: 800f:c2dc:9202:0:50f8:c1dc:9202:0
INFO         | Ignore IPv6 address: 800f:c2dc:9202:0:50f8:c1dc:9202:0
INFO         | Ignore IPv6 address: 800f:c2dc:9202:0:50f8:c1dc:9202:0
INFO         | Ignore IPv6 address: 801f:c2dc:9202:0:50f8:c1dc:9202:0
INFO         | Ignore IPv6 address: 801f:c2dc:9202:0:50f8:c1dc:9202:0
INFO         | Ignore IPv6 address: 801f:c2dc:9202:0:50f8:c1dc:9202:0
INFO         | Ignore IPv6 address: b027:c2dc:9202:0:50f8:c1dc:9202:0
INFO         | Ignore IPv6 address: b027:c2dc:9202:0:50f8:c1dc:9202:0
INFO         | Ignore IPv6 address: b027:c2dc:9202:0:50f8:c1dc:9202:0
INFO         | Ignore IPv6 address: e02f:c2dc:9202:0:50f8:c1dc:9202:0
INFO         | Ignore IPv6 address: e02f:c2dc:9202:0:50f8:c1dc:9202:0
INFO         | Ignore IPv6 address: e02f:c2dc:9202:0:50f8:c1dc:9202:0
INFO         | Ignore IPv6 address: 36:c2dc:9202:0:50f8:c1dc:9202:0
INFO         | Ignore IPv6 address: 36:c2dc:9202:0:50f8:c1dc:9202:0
INFO         | Ignore IPv6 address: 36:c2dc:9202:0:50f8:c1dc:9202:0
INFO         | Ignore IPv6 address: e83b:c2dc:9202:0:50f8:c1dc:9202:0
INFO         | Ignore IPv6 address: e83b:c2dc:9202:0:50f8:c1dc:9202:0
INFO         | Ignore IPv6 address: e83b:c2dc:9202:0:50f8:c1dc:9202:0
INFO         | IPv4 server found: 10.11.11.10
INFO         | Ignore IPv6 address: 50f8:c1dc:9202:0:50f8:c1dc:9202:0
INFO         | Ignore IPv6 address: 50f8:c1dc:9202:0:50f8:c1dc:9202:0
INFO         | Ignore IPv6 address: 50f8:c1dc:9202:0:50f8:c1dc:9202:0
INFO         | Ignore IPv6 address: 48fe:c1dc:9202:0:50f8:c1dc:9202:0
INFO         | Ignore IPv6 address: 48fe:c1dc:9202:0:50f8:c1dc:9202:0
INFO         | Ignore IPv6 address: 48fe:c1dc:9202:0:50f8:c1dc:9202:0
INFO         | Ignore IPv6 address: 6009:c2dc:9202:0:50f8:c1dc:9202:0
INFO         | Ignore IPv6 address: 6009:c2dc:9202:0:50f8:c1dc:9202:0
INFO         | Ignore IPv6 address: 6009:c2dc:9202:0:50f8:c1dc:9202:0
INFO         | Ignore IPv6 address: 800f:c2dc:9202:0:50f8:c1dc:9202:0
INFO         | Ignore IPv6 address: 800f:c2dc:9202:0:50f8:c1dc:9202:0
INFO         | Ignore IPv6 address: 800f:c2dc:9202:0:50f8:c1dc:9202:0
INFO         | Ignore IPv6 address: 801f:c2dc:9202:0:50f8:c1dc:9202:0
INFO         | Ignore IPv6 address: 801f:c2dc:9202:0:50f8:c1dc:9202:0
INFO         | Ignore IPv6 address: 801f:c2dc:9202:0:50f8:c1dc:9202:0
INFO         | Ignore IPv6 address: b027:c2dc:9202:0:50f8:c1dc:9202:0
INFO         | Ignore IPv6 address: b027:c2dc:9202:0:50f8:c1dc:9202:0
INFO         | Ignore IPv6 address: b027:c2dc:9202:0:50f8:c1dc:9202:0
INFO         | Ignore IPv6 address: e02f:c2dc:9202:0:50f8:c1dc:9202:0
INFO         | Ignore IPv6 address: e02f:c2dc:9202:0:50f8:c1dc:9202:0
INFO         | Ignore IPv6 address: e02f:c2dc:9202:0:50f8:c1dc:9202:0
INFO         | Ignore IPv6 address: 36:c2dc:9202:0:50f8:c1dc:9202:0
INFO         | Ignore IPv6 address: 36:c2dc:9202:0:50f8:c1dc:9202:0
INFO         | Ignore IPv6 address: 36:c2dc:9202:0:50f8:c1dc:9202:0
INFO         | Ignore IPv6 address: e83b:c2dc:9202:0:50f8:c1dc:9202:0
INFO         | Ignore IPv6 address: e83b:c2dc:9202:0:50f8:c1dc:9202:0
INFO         | Ignore IPv6 address: e83b:c2dc:9202:0:50f8:c1dc:9202:0
INFO         | Wait for emulator (pid 33544) 20 seconds to shutdown gracefully before kill;you can set environment variable ANDROID_EMULATOR_WAIT_TIME_BEFORE_KILL(in seconds) to change the default value (20 seconds)

WARNING      | Not saving state: RAM not mapped as shared
INFO         | Saving snapshot 'default_boot' using 2 ms
WARNING      | Emulator client has not yet been configured.. Call configure me first!
INFO         | removeScene: scene=0x291ac5237a0
INFO         | removeAll
WARNING      | Netsim Wifi localhost:62467 is gone due to CANCELLED
